[INFO] Scanning for projects...
[INFO] 
[INFO] -----------------------< com.caixaverso:minierp >-----------------------
[INFO] Building minierp 0.0.1-SNAPSHOT
[INFO]   from pom.xml
[INFO] --------------------------------[ jar ]---------------------------------
[INFO] 
[INFO] --- resources:3.3.1:resources (default-resources) @ minierp ---
[INFO] Copying 3 resources from src\main\resources to target\classes
[INFO] Copying 0 resource from src\main\resources to target\classes
[INFO] 
[INFO] --- compiler:3.11.0:compile (default-compile) @ minierp ---
[INFO] Changes detected - recompiling the module! :source
[INFO] Compiling 58 source files with javac [debug release 21] to target\classes
[INFO] 
[INFO] --- resources:3.3.1:testResources (default-testResources) @ minierp ---
[INFO] skip non existing resourceDirectory C:\desenvolvimento\fontes\CaixaVerso\caixaverso-introarq\src\test\resources
[INFO] 
[INFO] --- compiler:3.11.0:testCompile (default-testCompile) @ minierp ---
[INFO] Changes detected - recompiling the module! :dependency
[INFO] Compiling 8 source files with javac [debug release 21] to target\test-classes
[INFO] 
[INFO] --- surefire:3.1.2:test (default-test) @ minierp ---
[INFO] Using auto detected provider org.apache.maven.surefire.junitplatform.JUnitPlatformProvider
[INFO] 
[INFO] -------------------------------------------------------
[INFO]  T E S T S
[INFO] -------------------------------------------------------
[INFO] Running com.caixaverso.minierp.estoque.application.service.EstoqueApplicationServiceTest
.\mvnw : WARNING: A Java agent has been loaded dynamically (C:\Users\thiag\.m2\repository\net\bytebuddy\byte-buddy-agent\1.14.10\byte-buddy-agent-1.14.10.jar)
At line:1 char:64
+ ... ento\fontes\CaixaVerso\caixaverso-introarq"; .\mvnw test 2>&1 | Tee-O ...
+                                                  ~~~~~~~~~~~~~~~~
    + CategoryInfo          : NotSpecified: (WARNING: A Java...nt-1.14.10.jar):String) [], RemoteException
    + FullyQualifiedErrorId : NativeCommandError
 
WARNING: If a serviceability tool is in use, please run with -XX:+EnableDynamicAgentLoading to hide this warning
WARNING: If a serviceability tool is not in use, please run with -Djdk.instrument.traceUsage for more information
WARNING: Dynamic loading of agents will be disallowed by default in a future release
Java HotSpot(TM) 64-Bit Server VM warning: Sharing is only supported for boot loader classes because bootstrap classpath has been appended
[INFO] Tests run: 5, Failures: 0, Errors: 0, Skipped: 0, Time elapsed: 1.109 s -- in com.caixaverso.minierp.estoque.application.service.EstoqueApplicationServiceTest
[INFO] Running com.caixaverso.minierp.estoque.domain.model.ProdutoTest
[INFO] Tests run: 5, Failures: 0, Errors: 0, Skipped: 0, Time elapsed: 0.015 s -- in com.caixaverso.minierp.estoque.domain.model.ProdutoTest
[INFO] Running com.caixaverso.minierp.financeiro.application.service.FinanceiroApplicationServiceTest
[INFO] Tests run: 4, Failures: 0, Errors: 0, Skipped: 0, Time elapsed: 0.094 s -- in com.caixaverso.minierp.financeiro.application.service.FinanceiroApplicationServiceTest
[INFO] Running com.caixaverso.minierp.financeiro.domain.model.CobrancaTest
[INFO] Tests run: 6, Failures: 0, Errors: 0, Skipped: 0, Time elapsed: 0.011 s -- in com.caixaverso.minierp.financeiro.domain.model.CobrancaTest
[INFO] Running com.caixaverso.minierp.integration.SagaIntegrationTest

  .   ____          _            __ _ _
 /\\ / ___'_ __ _ _(_)_ __  __ _ \ \ \ \
( ( )\___ | '_ | '_| | '_ \/ _` | \ \ \ \
 \\/  ___)| |_)| | | | | || (_| |  ) ) ) )
  '  |____| .__|_| |_|_| |_\__, | / / / /
 =========|_|==============|___/=/_/_/_/
 :: Spring Boot ::                (v3.2.0)

2026-01-27 22:19:46 - Starting SagaIntegrationTest using Java 21.0.7 with PID 17492 (started by thiag in C:\desenvolvimento\fontes\CaixaVerso\caixaverso-introarq)
2026-01-27 22:19:46 - Running with Spring Boot v3.2.0, Spring v6.1.1
2026-01-27 22:19:46 - The following 1 profile is active: "test"
2026-01-27 22:19:46 - Refreshing org.springframework.web.context.support.GenericWebApplicationContext@3a3ed300
2026-01-27 22:19:47 - HHH90000025: H2Dialect does not need to be specified explicitly using 'hibernate.dialect' (remove the property setting and it will be selected by default)
2026-01-27 22:19:48 - 
    drop table if exists cobrancas cascade 
2026-01-27 22:19:48 - 
    drop table if exists itens_venda cascade 
2026-01-27 22:19:48 - 
    drop table if exists produtos cascade 
2026-01-27 22:19:48 - 
    drop table if exists vendas cascade 
2026-01-27 22:19:48 - 
    create table cobrancas (
        valor numeric(19,2) not null,
        cliente_id bigint not null,
        data_atualizacao timestamp(6) not null,
        data_criacao timestamp(6) not null,
        data_pagamento timestamp(6),
        id bigint generated by default as identity,
        venda_id bigint not null,
        status varchar(255) not null check (status in ('CRIADA','CONFIRMADA','PAGA','CANCELADA')),
        primary key (id)
    )
2026-01-27 22:19:48 - 
    create table itens_venda (
        preco numeric(19,2) not null,
        quantidade integer not null,
        subtotal numeric(19,2) not null,
        id bigint generated by default as identity,
        produto_id bigint not null,
        venda_id bigint,
        primary key (id)
    )
2026-01-27 22:19:48 - 
    create table produtos (
        preco numeric(19,2) not null,
        quantidade_disponivel integer not null,
        quantidade_reservada integer not null,
        id bigint generated by default as identity,
        descricao varchar(255) not null,
        nome varchar(255) not null unique,
        primary key (id)
    )
2026-01-27 22:19:48 - 
    create table vendas (
        valor_total numeric(19,2) not null,
        cliente_id bigint not null,
        data_atualizacao timestamp(6) not null,
        data_criacao timestamp(6) not null,
        id bigint generated by default as identity,
        status varchar(255) not null check (status in ('PENDENTE','CONFIRMADA','CANCELADA','ENTREGUE')),
        primary key (id)
    )
2026-01-27 22:19:48 - 
    alter table if exists itens_venda 
       add constraint FKgvenjj7qdfy5i8lgbhhvoftck 
       foreign key (venda_id) 
       references vendas
2026-01-27 22:19:49 - spring.jpa.open-in-view is enabled by default. Therefore, database queries may be performed during view rendering. Explicitly configure spring.jpa.open-in-view to disable this warning
2026-01-27 22:19:49 - 10 mappings in 'requestMappingHandlerMapping'
2026-01-27 22:19:49 - Patterns [/webjars/**, /**] in 'resourceHandlerMapping'
2026-01-27 22:19:49 - ControllerAdvice beans: 0 @ModelAttribute, 0 @InitBinder, 1 RequestBodyAdvice, 1 ResponseBodyAdvice
2026-01-27 22:19:49 - ControllerAdvice beans: 2 @ExceptionHandler, 1 ResponseBodyAdvice
2026-01-27 22:19:49 - Started SagaIntegrationTest in 3.783 seconds (process running for 5.898)
2026-01-27 22:19:49 - 
    insert 
    into
        vendas
        (cliente_id, data_atualizacao, data_criacao, status, valor_total, id) 
    values
        (?, ?, ?, ?, ?, default)
2026-01-27 22:19:49 - 
    insert 
    into
        itens_venda
        (preco, produto_id, quantidade, subtotal, id) 
    values
        (?, ?, ?, ?, default)
2026-01-27 22:19:49 - ? Reservando estoque para venda: 1
2026-01-27 22:19:49 - ? Estoque processado para venda: 1
2026-01-27 22:19:49 - 
    update
        itens_venda 
    set
        venda_id=? 
    where
        id=?
2026-01-27 22:19:49 - 
    insert 
    into
        vendas
        (cliente_id, data_atualizacao, data_criacao, status, valor_total, id) 
    values
        (?, ?, ?, ?, ?, default)
2026-01-27 22:19:49 - 
    insert 
    into
        itens_venda
        (preco, produto_id, quantidade, subtotal, id) 
    values
        (?, ?, ?, ?, default)
2026-01-27 22:19:49 - ? Reservando estoque para venda: 2
2026-01-27 22:19:49 - ? Estoque processado para venda: 2
2026-01-27 22:19:49 - 
    update
        itens_venda 
    set
        venda_id=? 
    where
        id=?
2026-01-27 22:19:49 - 
    select
        v1_0.id,
        v1_0.cliente_id,
        v1_0.data_atualizacao,
        v1_0.data_criacao,
        v1_0.status,
        v1_0.valor_total,
        i1_0.venda_id,
        i1_0.id,
        i1_0.preco,
        i1_0.produto_id,
        i1_0.quantidade,
        i1_0.subtotal 
    from
        vendas v1_0 
    left join
        itens_venda i1_0 
            on v1_0.id=i1_0.venda_id 
    where
        v1_0.id=?
[INFO] Tests run: 2, Failures: 0, Errors: 0, Skipped: 0, Time elapsed: 4.418 s -- in com.caixaverso.minierp.integration.SagaIntegrationTest
[INFO] Running com.caixaverso.minierp.MinierpApplicationTests
[INFO] Tests run: 1, Failures: 0, Errors: 0, Skipped: 0, Time elapsed: 0.005 s -- in com.caixaverso.minierp.MinierpApplicationTests
[INFO] Running com.caixaverso.minierp.vendas.application.service.VendaApplicationServiceTest
[INFO] Tests run: 3, Failures: 0, Errors: 0, Skipped: 0, Time elapsed: 0.080 s -- in com.caixaverso.minierp.vendas.application.service.VendaApplicationServiceTest
[INFO] Running com.caixaverso.minierp.vendas.domain.model.VendaTest
[INFO] Tests run: 9, Failures: 0, Errors: 0, Skipped: 0, Time elapsed: 0.001 s -- in com.caixaverso.minierp.vendas.domain.model.VendaTest
[INFO] 
[INFO] Results:
[INFO] 
[INFO] Tests run: 35, Failures: 0, Errors: 0, Skipped: 0
[INFO] 
[INFO] ------------------------------------------------------------------------
[INFO] BUILD SUCCESS
[INFO] ------------------------------------------------------------------------
[INFO] Total time:  11.139 s
[INFO] Finished at: 2026-01-27T22:19:50-03:00
[INFO] ------------------------------------------------------------------------
